[    0.000000] Linux version 4.15.0-212-generic (buildd@lcy02-amd64-083) (gcc version 7.5.0 (Ubuntu 7.5.0-3ubuntu1~18.04)) #223-Ubuntu SMP Tue May 23 13:09:22 UTC 2023 (Ubuntu 4.15.0-212.223-generic 4.15.18)
[    0.000000] Command line: BOOT_IMAGE=/boot/vmlinuz-4.15.0-212-generic root=LABEL=cloudimg-rootfs ro console=tty1 console=ttyS0
[    0.000000] KERNEL supported cpus:
[    0.000000]   Intel GenuineIntel
[    0.000000]   AMD AuthenticAMD
[    0.000000]   Centaur CentaurHauls
[    0.000000] x86/fpu: Supporting XSAVE feature 0x001: 'x87 floating point registers'
[    0.000000] x86/fpu: Supporting XSAVE feature 0x002: 'SSE registers'
[    0.000000] x86/fpu: Supporting XSAVE feature 0x004: 'AVX registers'
[    0.000000] x86/fpu: xstate_offset[2]:  576, xstate_sizes[2]:  256
[    0.000000] x86/fpu: Enabled xstate features 0x7, context size is 832 bytes, using 'standard' format.
[    0.000000] e820: BIOS-provided physical RAM map:
[    0.000000] BIOS-e820: [mem 0x0000000000000000-0x000000000009fbff] usable
[    0.000000] BIOS-e820: [mem 0x000000000009fc00-0x000000000009ffff] reserved
[    0.000000] BIOS-e820: [mem 0x00000000000f0000-0x00000000000fffff] reserved
[    0.000000] BIOS-e820: [mem 0x0000000000100000-0x000000007ffeffff] usable
[    0.000000] BIOS-e820: [mem 0x000000007fff0000-0x000000007fffffff] ACPI data
[    0.000000] BIOS-e820: [mem 0x00000000fec00000-0x00000000fec00fff] reserved
[    0.000000] BIOS-e820: [mem 0x00000000fee00000-0x00000000fee00fff] reserved
[    0.000000] BIOS-e820: [mem 0x00000000fffc0000-0x00000000ffffffff] reserved
[    0.000000] NX (Execute Disable) protection: active
[    0.000000] SMBIOS 2.5 present.
[    0.000000] DMI: innotek GmbH VirtualBox/VirtualBox, BIOS VirtualBox 12/01/2006
[    0.000000] Hypervisor detected: KVM
[    0.000000] e820: last_pfn = 0x7fff0 max_arch_pfn = 0x400000000
[    0.000000] MTRR: Disabled
[    0.000000] x86/PAT: MTRRs disabled, skipping PAT initialization too.
[    0.000000] CPU MTRRs all blank - virtualized system.
[    0.000000] x86/PAT: Configuration [0-7]: WB  WT  UC- UC  WB  WT  UC- UC  
[    0.000000] found SMP MP-table at [mem 0x0009fff0-0x0009ffff]
[    0.000000] Scanning 1 areas for low memory corruption
[    0.000000] RAMDISK: [mem 0x359cb000-0x36cdcfff]
[    0.000000] ACPI: Early table checksum verification disabled
[    0.000000] ACPI: RSDP 0x00000000000E0000 000024 (v02 VBOX  )
[    0.000000] ACPI: XSDT 0x000000007FFF0030 00003C (v01 VBOX   VBOXXSDT 00000001 ASL  00000061)
[    0.000000] ACPI: FACP 0x000000007FFF00F0 0000F4 (v04 VBOX   VBOXFACP 00000001 ASL  00000061)
[    0.000000] ACPI: DSDT 0x000000007FFF0610 002353 (v02 VBOX   VBOXBIOS 00000002 INTL 20230628)
[    0.000000] ACPI: FACS 0x000000007FFF0200 000040
[    0.000000] ACPI: FACS 0x000000007FFF0200 000040
[    0.000000] ACPI: APIC 0x000000007FFF0240 00005C (v02 VBOX   VBOXAPIC 00000001 ASL  00000061)
[    0.000000] ACPI: SSDT 0x000000007FFF02A0 00036C (v01 VBOX   VBOXCPUT 00000002 INTL 20230628)
[    0.000000] ACPI: Reserving FACP table memory at [mem 0x7fff00f0-0x7fff01e3]
[    0.000000] ACPI: Reserving DSDT table memory at [mem 0x7fff0610-0x7fff2962]
[    0.000000] ACPI: Reserving FACS table memory at [mem 0x7fff0200-0x7fff023f]
[    0.000000] ACPI: Reserving FACS table memory at [mem 0x7fff0200-0x7fff023f]
[    0.000000] ACPI: Reserving APIC table memory at [mem 0x7fff0240-0x7fff029b]
[    0.000000] ACPI: Reserving SSDT table memory at [mem 0x7fff02a0-0x7fff060b]
[    0.000000] No NUMA configuration found
[    0.000000] Faking a node at [mem 0x0000000000000000-0x000000007ffeffff]
[    0.000000] NODE_DATA(0) allocated [mem 0x7ffc5000-0x7ffeffff]
[    0.000000] kvm-clock: cpu 0, msr 0:7ff44001, primary cpu clock
[    0.000000] kvm-clock: Using msrs 4b564d01 and 4b564d00
[    0.000000] kvm-clock: using sched offset of 3290227290 cycles
[    0.000000] clocksource: kvm-clock: mask: 0xffffffffffffffff max_cycles: 0x1cd42e4dffb, max_idle_ns: 881590591483 ns
[    0.000000] Zone ranges:
[    0.000000]   DMA      [mem 0x0000000000001000-0x0000000000ffffff]
[    0.000000]   DMA32    [mem 0x0000000001000000-0x000000007ffeffff]
[    0.000000]   Normal   empty
[    0.000000]   Device   empty
[    0.000000] Movable zone start for each node
[    0.000000] Early memory node ranges
[    0.000000]   node   0: [mem 0x0000000000001000-0x000000000009efff]
[    0.000000]   node   0: [mem 0x0000000000100000-0x000000007ffeffff]
[    0.000000] Reserved but unavailable: 104 pages
[    0.000000] Initmem setup node 0 [mem 0x0000000000001000-0x000000007ffeffff]
[    0.000000] ACPI: PM-Timer IO Port: 0x4008
[    0.000000] IOAPIC[0]: apic_id 2, version 32, address 0xfec00000, GSI 0-23
[    0.000000] ACPI: INT_SRC_OVR (bus 0 bus_irq 0 global_irq 2 dfl dfl)
[    0.000000] ACPI: INT_SRC_OVR (bus 0 bus_irq 9 global_irq 9 low level)
[    0.000000] Using ACPI (MADT) for SMP configuration information
[    0.000000] smpboot: Allowing 2 CPUs, 0 hotplug CPUs
[    0.000000] PM: Registered nosave memory: [mem 0x00000000-0x00000fff]
[    0.000000] PM: Registered nosave memory: [mem 0x0009f000-0x0009ffff]
[    0.000000] PM: Registered nosave memory: [mem 0x000a0000-0x000effff]
[    0.000000] PM: Registered nosave memory: [mem 0x000f0000-0x000fffff]
[    0.000000] e820: [mem 0x80000000-0xfebfffff] available for PCI devices
[    0.000000] Booting paravirtualized kernel on KVM
[    0.000000] clocksource: refined-jiffies: mask: 0xffffffff max_cycles: 0xffffffff, max_idle_ns: 7645519600211568 ns
[    0.000000] setup_percpu: NR_CPUS:8192 nr_cpumask_bits:2 nr_cpu_ids:2 nr_node_ids:1
[    0.000000] percpu: Embedded 50 pages/cpu s167936 r8192 d28672 u1048576
[    0.000000] PV qspinlock hash table entries: 256 (order: 0, 4096 bytes)
[    0.000000] Built 1 zonelists, mobility grouping on.  Total pages: 515961
[    0.000000] Policy zone: DMA32
[    0.000000] Kernel command line: BOOT_IMAGE=/boot/vmlinuz-4.15.0-212-generic root=LABEL=cloudimg-rootfs ro console=tty1 console=ttyS0
[    0.000000] Memory: 2014836K/2096696K available (12300K kernel code, 2477K rwdata, 4324K rodata, 2480K init, 2720K bss, 81860K reserved, 0K cma-reserved)
[    0.000000] SLUB: HWalign=64, Order=0-3, MinObjects=0, CPUs=2, Nodes=1
[    0.000000] Kernel/User page tables isolation: enabled
[    0.000000] ftrace: allocating 39508 entries in 155 pages
[    0.004000] Hierarchical RCU implementation.
[    0.004000] 	RCU restricting CPUs from NR_CPUS=8192 to nr_cpu_ids=2.
[    0.004000] 	Tasks RCU enabled.
[    0.004000] RCU: Adjusting geometry for rcu_fanout_leaf=16, nr_cpu_ids=2
[    0.004000] NR_IRQS: 524544, nr_irqs: 440, preallocated irqs: 16
[    0.004000] random: crng init done
[    0.004000] Console: colour VGA+ 80x25
[    0.004000] console [tty1] enabled
[    0.004000] console [ttyS0] enabled
[    0.004000] ACPI: Core revision 20170831
[    0.004000] ACPI: 2 ACPI AML tables successfully acquired and loaded
[    0.004000] APIC: Switch to symmetric I/O mode setup
[    0.004000] x2apic enabled
[    0.004000] Switched APIC routing to physical x2apic.
[    0.004000] ..TIMER: vector=0x30 apic1=0 pin1=2 apic2=-1 pin2=-1
[    0.004003] tsc: Detected 3503.964 MHz processor
[    0.004757] Calibrating delay loop (skipped) preset value.. 7007.92 BogoMIPS (lpj=14015856)
[    0.005416] pid_max: default: 32768 minimum: 301
[    0.008013] Security Framework initialized
[    0.008694] Yama: becoming mindful.
[    0.009395] AppArmor: AppArmor initialized
[    0.010450] Dentry cache hash table entries: 262144 (order: 9, 2097152 bytes)
[    0.012169] Inode-cache hash table entries: 131072 (order: 8, 1048576 bytes)
[    0.013290] Mount-cache hash table entries: 4096 (order: 3, 32768 bytes)
[    0.014292] Mountpoint-cache hash table entries: 4096 (order: 3, 32768 bytes)
[    0.016064] Last level iTLB entries: 4KB 128, 2MB 8, 4MB 8
[    0.016998] Last level dTLB entries: 4KB 64, 2MB 0, 4MB 0, 1GB 4
[    0.018062] Spectre V1 : Mitigation: usercopy/swapgs barriers and __user pointer sanitization
[    0.019476] Spectre V2 : Mitigation: Retpolines
[    0.020001] Spectre V2 : Spectre v2 / SpectreRSB mitigation: Filling RSB on context switch
[    0.021745] Spectre V2 : Spectre v2 / SpectreRSB : Filling RSB on VMEXIT
[    0.023291] RETBleed: WARNING: Spectre v2 mitigation leaves CPU vulnerable to RETBleed attacks, data leaks possible!
[    0.024004] RETBleed: Vulnerable
[    0.024660] Speculative Store Bypass: Vulnerable
[    0.025548] MDS: Mitigation: Clear CPU buffers
[    0.026379] MMIO Stale Data: Mitigation: Clear CPU buffers
[    0.028003] SRBDS: Unknown: Dependent on hypervisor status
[    0.029074] Freeing SMP alternatives memory: 36K
[    0.139733] smpboot: CPU0: Intel(R) Core(TM) i5-7600 CPU @ 3.50GHz (family: 0x6, model: 0x9e, stepping: 0x9)
[    0.140000] Performance Events: unsupported p6 CPU model 158 no PMU driver, software events only.
[    0.140000] Hierarchical SRCU implementation.
[    0.140466] NMI watchdog: Perf event create on CPU 0 failed with -2
[    0.141441] NMI watchdog: Perf NMI watchdog permanently disabled
[    0.142495] smp: Bringing up secondary CPUs ...
[    0.143400] x86: Booting SMP configuration:
[    0.144001] .... node  #0, CPUs:      #1
[    0.004000] kvm-clock: cpu 1, msr 0:7ff44041, secondary cpu clock
[    0.147359] smp: Brought up 1 node, 2 CPUs
[    0.148003] smpboot: Max logical packages: 1
[    0.148725] smpboot: Total of 2 processors activated (14015.85 BogoMIPS)
[    0.149867] devtmpfs: initialized
[    0.149867] x86/mm: Memory block size: 128MB
[    0.152149] evm: security.selinux
[    0.152752] evm: security.SMACK64
[    0.153432] evm: security.SMACK64EXEC
[    0.154166] evm: security.SMACK64TRANSMUTE
[    0.154881] evm: security.SMACK64MMAP
[    0.155566] evm: security.apparmor
[    0.156002] evm: security.ima
[    0.156544] evm: security.capability
[    0.157280] clocksource: jiffies: mask: 0xffffffff max_cycles: 0xffffffff, max_idle_ns: 7645041785100000 ns
[    0.157554] futex hash table entries: 512 (order: 3, 32768 bytes)
[    0.160037] pinctrl core: initialized pinctrl subsystem
[    0.160943] RTC time: 16:28:39, date: 11/30/25
[    0.161825] NET: Registered protocol family 16
[    0.162652] audit: initializing netlink subsys (disabled)
[    0.163560] audit: type=2000 audit(1764520123.993:1): state=initialized audit_enabled=0 res=1
[    0.164007] cpuidle: using governor ladder
[    0.164742] cpuidle: using governor menu
[    0.165491] ACPI: bus type PCI registered
[    0.166186] acpiphp: ACPI Hot Plug PCI Controller Driver version: 0.5
[    0.168098] PCI: Using configuration type 1 for base access
[    0.169073] HugeTLB registered 2.00 MiB page size, pre-allocated 0 pages
[    0.172053] ACPI: Added _OSI(Module Device)
[    0.172741] ACPI: Added _OSI(Processor Device)
[    0.173465] ACPI: Added _OSI(3.0 _SCP Extensions)
[    0.174291] ACPI: Added _OSI(Processor Aggregator Device)
[    0.175262] ACPI: Added _OSI(Linux-Dell-Video)
[    0.176002] ACPI: Added _OSI(Linux-Lenovo-NV-HDMI-Audio)
[    0.176875] ACPI: Added _OSI(Linux-HPI-Hybrid-Graphics)
[    0.177980] ACPI: Executed 1 blocks of module-level executable AML code
[    0.183127] ACPI: Interpreter enabled
[    0.183849] ACPI: (supports S0 S5)
[    0.184002] ACPI: Using IOAPIC for interrupt routing
[    0.185043] PCI: Using host bridge windows from ACPI; if necessary, use "pci=nocrs" and report a bug
[    0.186674] ACPI: Enabled 2 GPEs in block 00 to 07
[    0.193410] ACPI: PCI Root Bridge [PCI0] (domain 0000 [bus 00-ff])
[    0.194475] acpi PNP0A03:00: _OSC: OS supports [ASPM ClockPM Segments MSI]
[    0.196120] acpi PNP0A03:00: _OSC: not requesting OS control; OS requires [ExtendedConfig ASPM ClockPM MSI]
[    0.197814] acpi PNP0A03:00: fail to add MMCONFIG information, can't access extended PCI configuration space under this bridge.
[    0.199982] PCI host bridge to bus 0000:00
[    0.200002] pci_bus 0000:00: root bus resource [io  0x0000-0x0cf7 window]
[    0.201157] pci_bus 0000:00: root bus resource [io  0x0d00-0xffff window]
[    0.204001] pci_bus 0000:00: root bus resource [mem 0x000a0000-0x000bffff window]
[    0.205266] pci_bus 0000:00: root bus resource [mem 0x80000000-0xfdffffff window]
[    0.206534] pci_bus 0000:00: root bus resource [bus 00-ff]
[    0.208848] pci 0000:00:01.1: legacy IDE quirk: reg 0x10: [io  0x01f0-0x01f7]
[    0.209985] pci 0000:00:01.1: legacy IDE quirk: reg 0x14: [io  0x03f6]
[    0.211049] pci 0000:00:01.1: legacy IDE quirk: reg 0x18: [io  0x0170-0x0177]
[    0.212002] pci 0000:00:01.1: legacy IDE quirk: reg 0x1c: [io  0x0376]
[    0.231134] pci 0000:00:07.0: quirk: [io  0x4000-0x403f] claimed by PIIX4 ACPI
[    0.232011] pci 0000:00:07.0: quirk: [io  0x4100-0x410f] claimed by PIIX4 SMB
[    0.245435] ACPI: PCI Interrupt Link [LNKA] (IRQs 5 9 10 *11)
[    0.246786] ACPI: PCI Interrupt Link [LNKB] (IRQs 5 9 *10 11)
[    0.248051] ACPI: PCI Interrupt Link [LNKC] (IRQs 5 *9 10 11)
[    0.249181] ACPI: PCI Interrupt Link [LNKD] (IRQs 5 9 10 *11)
[    0.250415] SCSI subsystem initialized
[    0.251151] pci 0000:00:02.0: vgaarb: setting as boot VGA device
[    0.251151] pci 0000:00:02.0: vgaarb: VGA device added: decodes=io+mem,owns=io+mem,locks=none
[    0.252007] pci 0000:00:02.0: vgaarb: bridge control possible
[    0.253004] vgaarb: loaded
[    0.253563] ACPI: bus type USB registered
[    0.256021] usbcore: registered new interface driver usbfs
[    0.257093] usbcore: registered new interface driver hub
[    0.258013] usbcore: registered new device driver usb
[    0.259046] EDAC MC: Ver: 3.0.0
[    0.259046] PCI: Using ACPI for IRQ routing
[    0.260198] NetLabel: Initializing
[    0.260816] NetLabel:  domain hash size = 128
[    0.261538] NetLabel:  protocols = UNLABELED CIPSOv4 CALIPSO
[    0.262455] NetLabel:  unlabeled traffic allowed by default
[    0.264106] clocksource: Switched to clocksource kvm-clock
[    0.272301] VFS: Disk quotas dquot_6.6.0
[    0.273669] VFS: Dquot-cache hash table entries: 512 (order 0, 4096 bytes)
[    0.274914] AppArmor: AppArmor Filesystem Enabled
[    0.275804] pnp: PnP ACPI init
[    0.277305] pnp: PnP ACPI: found 3 devices
[    0.285158] clocksource: acpi_pm: mask: 0xffffff max_cycles: 0xffffff, max_idle_ns: 2085701024 ns
[    0.286707] NET: Registered protocol family 2
[    0.287579] IP idents hash table entries: 32768 (order: 6, 262144 bytes)
[    0.288255] TCP established hash table entries: 16384 (order: 5, 131072 bytes)
[    0.290277] TCP bind hash table entries: 16384 (order: 6, 262144 bytes)
[    0.291481] TCP: Hash tables configured (established 16384 bind 16384)
[    0.292592] UDP hash table entries: 1024 (order: 3, 32768 bytes)
[    0.293571] UDP-Lite hash table entries: 1024 (order: 3, 32768 bytes)
[    0.294668] NET: Registered protocol family 1
[    0.295480] pci 0000:00:00.0: Limiting direct PCI/PCI transfers
[    0.296543] pci 0000:00:01.0: Activating ISA DMA hang workarounds
[    0.296571] pci 0000:00:02.0: Video device with shadowed ROM at [mem 0x000c0000-0x000dffff]
[    0.296571] Unpacking initramfs...
[    0.296571] Freeing initrd memory: 19528K
[    0.296571] clocksource: tsc: mask: 0xffffffffffffffff max_cycles: 0x3281f1e9647, max_idle_ns: 440795271086 ns
[    0.296571] platform rtc_cmos: registered platform RTC device (no PNP device found)
[    0.296571] Scanning for low memory corruption every 60 seconds
[    0.515481] Initialise system trusted keyrings
[    0.516283] Key type blacklist registered
[    0.516983] workingset: timestamp_bits=36 max_order=19 bucket_order=0
[    0.518822] zbud: loaded
[    0.519797] squashfs: version 4.0 (2009/01/31) Phillip Lougher
[    0.521043] fuse init (API version 7.26)
[    0.522852] Key type asymmetric registered
[    0.523689] Asymmetric key parser 'x509' registered
[    0.524644] Block layer SCSI generic (bsg) driver version 0.4 loaded (major 246)
[    0.526063] io scheduler noop registered
[    0.526756] io scheduler deadline registered
[    0.527524] io scheduler cfq registered (default)
[    0.528600] ACPI: AC Adapter [AC] (on-line)
[    0.529451] input: Power Button as /devices/LNXSYSTM:00/LNXPWRBN:00/input/input0
[    0.530858] ACPI: Power Button [PWRF]
[    0.531582] input: Sleep Button as /devices/LNXSYSTM:00/LNXSLPBN:00/input/input1
[    0.532846] ACPI: Sleep Button [SLPF]
[    0.533754] Serial: 8250/16550 driver, 32 ports, IRQ sharing enabled
[    0.555293] 00:02: ttyS0 at I/O 0x3f8 (irq = 4, base_baud = 115200) is a 16550A
[    0.558668] Linux agpgart interface v0.103
[    0.560617] loop: module loaded
[    0.561670] scsi host0: ata_piix
[    0.562463] scsi host1: ata_piix
[    0.563073] ata1: PATA max UDMA/33 cmd 0x1f0 ctl 0x3f6 bmdma 0xd000 irq 14
[    0.564207] ata2: PATA max UDMA/33 cmd 0x170 ctl 0x376 bmdma 0xd008 irq 15
[    0.565325] tun: Universal TUN/TAP device driver, 1.6
[    0.566235] PPP generic driver version 2.4.2
[    0.567027] ehci_hcd: USB 2.0 'Enhanced' Host Controller (EHCI) Driver
[    0.568134] ehci-pci: EHCI PCI platform driver
[    0.568903] ehci-platform: EHCI generic platform driver
[    0.569770] ohci_hcd: USB 1.1 'Open' Host Controller (OHCI) Driver
[    0.570754] ohci-pci: OHCI PCI platform driver
[    0.571557] ohci-platform: OHCI generic platform driver
[    0.572494] uhci_hcd: USB Universal Host Controller Interface driver
[    0.573606] i8042: PNP: PS/2 Controller [PNP0303:PS2K,PNP0f03:PS2M] at 0x60,0x64 irq 1,12
[    0.575326] serio: i8042 KBD port at 0x60,0x64 irq 1
[    0.576201] serio: i8042 AUX port at 0x60,0x64 irq 12
[    0.577158] mousedev: PS/2 mouse device common for all mice
[    0.578499] input: AT Translated Set 2 keyboard as /devices/platform/i8042/serio0/input/input2
[    0.580038] rtc_cmos rtc_cmos: rtc core: registered rtc_cmos as rtc0
[    0.581089] rtc_cmos rtc_cmos: alarms up to one day, 114 bytes nvram
[    0.582075] i2c /dev entries driver
[    0.582740] device-mapper: uevent: version 1.0.3
[    0.583634] device-mapper: ioctl: 4.37.0-ioctl (2017-09-20) initialised: dm-devel@redhat.com
[    0.585188] ledtrig-cpu: registered to indicate activity on CPUs
[    0.586409] NET: Registered protocol family 10
[    0.590160] Segment Routing with IPv6
[    0.590839] NET: Registered protocol family 17
[    0.591671] Key type dns_resolver registered
[    0.592792] mce: Using 0 MCE banks
[    0.593463] RAS: Correctable Errors collector initialized.
[    0.594360] sched_clock: Marking stable (592752413, 0)->(757076965, -164324552)
[    0.595863] registered taskstats version 1
[    0.596701] Loading compiled-in X.509 certificates
[    0.599507] Loaded X.509 cert 'Build time autogenerated kernel key: b5b26778eaa3ab3a4a6cee031137706e947d12ad'
[    0.601585] Loaded X.509 cert 'Canonical Ltd. Live Patch Signing: 14df34d1a87cf37625abec039ef2bf521249b969'
[    0.603595] Loaded X.509 cert 'Canonical Ltd. Kernel Module Signing: 88f752e560a1e0737e31163a466ad7b70a850c19'
[    0.605276] blacklist: Loading compiled-in revocation X.509 certificates
[    0.606357] Loaded X.509 cert 'Canonical Ltd. Secure Boot Signing: 61482aa2830d0ab2ad5af10b7250da9033ddcef0'
[    0.607979] Loaded X.509 cert 'Canonical Ltd. Secure Boot Signing (2017): 242ade75ac4a15e50d50c84b0d45ff3eae707a03'
[    0.609795] Loaded X.509 cert 'Canonical Ltd. Secure Boot Signing (ESM 2018): 365188c1d374d6b07c3c8f240f8ef722433d6a8b'
[    0.611513] Loaded X.509 cert 'Canonical Ltd. Secure Boot Signing (2019): c0746fd6c5da3ae827864651ad66ae47fe24b3e8'
[    0.613163] Loaded X.509 cert 'Canonical Ltd. Secure Boot Signing (2021 v1): a8d54bbb3825cfb94fa13c9f8a594a195c107b8d'
[    0.614842] Loaded X.509 cert 'Canonical Ltd. Secure Boot Signing (2021 v2): 4cf046892d6fd3c9a5b03f98d845f90851dc6a8c'
[    0.616554] Loaded X.509 cert 'Canonical Ltd. Secure Boot Signing (2021 v3): 100437bb6de6e469b581e61cd66bce3ef4ed53af'
[    0.618252] Loaded X.509 cert 'Canonical Ltd. Secure Boot Signing (Ubuntu Core 2019): c1d57b8f6b743f23ee41f4f7ee292f06eecadfb9'
[    0.620104] zswap: loaded using pool lzo/zbud
[    0.623526] Key type big_key registered
[    0.624218] Key type trusted registered
[    0.626362] Key type encrypted registered
[    0.627125] AppArmor: AppArmor sha1 policy hashing enabled
[    0.628000] ima: No TPM chip found, activating TPM-bypass! (rc=-19)
[    0.629059] ima: Allocated hash algorithm: sha1
[    0.629804] evm: HMAC attrs: 0x1
[    0.630677]   Magic number: 1:909:490
[    0.631467] rtc_cmos rtc_cmos: setting system clock to 2025-11-30 16:28:40 UTC (1764520120)
[    0.633079] BIOS EDD facility v0.16 2004-Jun-25, 0 devices found
[    0.634049] EDD information not available.
[    0.748531] Freeing unused kernel image memory: 2480K
[    0.766391] Write protecting the kernel read-only data: 20480k
[    0.768005] Freeing unused kernel image memory: 2008K
[    0.769137] Freeing unused kernel image memory: 1820K
[    0.777997] x86/mm: Checked W+X mappings: passed, no W+X pages found.
[    0.779044] x86/mm: Checking user space page tables
[    0.788237] x86/mm: Checked W+X mappings: passed, no W+X pages found.
Loading, please wait...
starting version 237
[    0.846541] e1000: Intel(R) PRO/1000 Network Driver - version 7.3.21-k8-NAPI
[    0.847715] e1000: Copyright (c) 1999-2006 Intel Corporation.
[    0.850073] Fusion MPT base driver 3.04.20
[    0.850848] Copyright (c) 1999-2008 LSI Corporation
[    0.858658] Fusion MPT SPI Host driver 3.04.20
[    0.863886] AVX2 version of gcm_enc/dec engaged.
[    0.864575] mptbase: ioc0: Initiating bringup
[    0.864808] AES CTR mode by8 optimization enabled
[    0.972304] ioc0: LSI53C1030 A0: Capabilities={Initiator}
[    1.057258] input: ImExPS/2 Generic Explorer Mouse as /devices/platform/i8042/serio1/input/input4
[    1.217980] scsi host2: ioc0: LSI53C1030 A0, FwRev=00000000h, Ports=1, MaxQ=256, IRQ=20
[    1.396547] scsi 2:0:0:0: Direct-Access     VBOX     HARDDISK         1.0  PQ: 0 ANSI: 5
[    1.432064] scsi target2:0:0: Beginning Domain Validation
[    1.434151] scsi target2:0:0: Domain Validation skipping write tests
[    1.435183] scsi target2:0:0: Ending Domain Validation
[    1.436121] scsi target2:0:0: asynchronous
[    1.437179] scsi 2:0:1:0: Direct-Access     VBOX     HARDDISK         1.0  PQ: 0 ANSI: 5
[    1.724082] scsi target2:0:1: Beginning Domain Validation
[    1.726482] scsi target2:0:1: Domain Validation skipping write tests
[    1.727558] scsi target2:0:1: Ending Domain Validation
[    1.728583] scsi target2:0:1: asynchronous
[    1.732193] sd 2:0:0:0: Attached scsi generic sg0 type 0
[    1.732994] sd 2:0:0:0: [sda] 83886080 512-byte logical blocks: (42.9 GB/40.0 GiB)
[    1.733276] sd 2:0:1:0: Attached scsi generic sg1 type 0
[    1.734468] sd 2:0:0:0: [sda] Write Protect is off
[    1.736228] sd 2:0:0:0: [sda] Incomplete mode parameter data
[    1.736237] sd 2:0:1:0: [sdb] 20480 512-byte logical blocks: (10.5 MB/10.0 MiB)
[    1.737143] sd 2:0:0:0: [sda] Assuming drive cache: write through
[    1.739377] sd 2:0:1:0: [sdb] Write Protect is off
[    1.740359] sd 2:0:1:0: [sdb] Incomplete mode parameter data
[    1.741310] sd 2:0:1:0: [sdb] Assuming drive cache: write through
[    1.937843]  sda: sda1
[    1.939179] sd 2:0:0:0: [sda] Attached SCSI disk
[    1.940021] sd 2:0:1:0: [sdb] Attached SCSI disk
[    1.951606] e1000 0000:00:03.0 eth0: (PCI:33MHz:32-bit) 02:3b:7b:b7:3b:2d
[    1.952700] e1000 0000:00:03.0 eth0: Intel(R) PRO/1000 Network Connection
[    2.320478] e1000 0000:00:08.0 eth1: (PCI:33MHz:32-bit) 08:00:27:6b:43:2d
[    2.321599] e1000 0000:00:08.0 eth1: Intel(R) PRO/1000 Network Connection
[    2.323479] e1000 0000:00:08.0 enp0s8: renamed from eth1
[    2.340464] e1000 0000:00:03.0 enp0s3: renamed from eth0
Begin: Loading essential drivers ... [    3.920050] raid6: sse2x1   gen() 13746 MB/s
[    3.968049] raid6: sse2x1   xor()  9908 MB/s
[    4.016047] raid6: sse2x2   gen() 17541 MB/s
[    4.064072] raid6: sse2x2   xor() 11578 MB/s
[    4.112047] raid6: sse2x4   gen() 19594 MB/s
[    4.160043] raid6: sse2x4   xor() 12028 MB/s
[    4.208012] raid6: avx2x1   gen() 25799 MB/s
[    4.256048] raid6: avx2x1   xor() 19046 MB/s
[    4.304045] raid6: avx2x2   gen() 32397 MB/s
[    4.352050] raid6: avx2x2   xor() 21335 MB/s
[    4.400044] raid6: avx2x4   gen() 39227 MB/s
[    4.448045] raid6: avx2x4   xor() 22890 MB/s
[    4.448803] raid6: using algorithm avx2x4 gen() 39227 MB/s
[    4.449787] raid6: .... xor() 22890 MB/s, rmw enabled
[    4.450657] raid6: using avx2x2 recovery algorithm
[    4.452534] xor: automatically using best checksumming function   avx       
[    4.454522] async_tx: api initialized (async)
done.
Begin: Running /scripts/init-premount ... done.
Begin: Mounting root file system ... Begin: Running /scripts/local-top ... done.
Begin: Running /scripts/local-premount ... [    4.492135] Btrfs loaded, crc32c=crc32c-intel
Scanning for Btrfs filesystems
done.
Warning: fsck not present, so skipping root file system
[    4.660600] EXT4-fs (sda1): mounted filesystem with ordered data mode. Opts: (null)
done.
Begin: Running /scripts/local-bottom ... done.
Begin: Running /scripts/init-bottom ... done.
[    4.848328] ip_tables: (C) 2000-2006 Netfilter Core Team
[    4.857785] systemd[1]: systemd 237 running in system mode. (+PAM +AUDIT +SELINUX +IMA +APPARMOR +SMACK +SYSVINIT +UTMP +LIBCRYPTSETUP +GCRYPT +GNUTLS +ACL +XZ +LZ4 +SECCOMP +BLKID +ELFUTILS +KMOD -IDN2 +IDN -PCRE2 default-hierarchy=hybrid)
[    4.861246] systemd[1]: Detected virtualization oracle.
[    4.862165] systemd[1]: Detected architecture x86-64.

Welcome to [1mUbuntu 18.04.6 LTS[0m!

[    4.866755] systemd[1]: Set hostname to <ubuntu>.
[    4.869799] systemd[1]: Initializing machine ID from random generator.
[    4.870840] systemd[1]: Installed transient /etc/machine-id file.
[    5.108109] systemd[1]: Reached target System Time Synchronized.
[[0;32m  OK  [0m] Reached target System Time Synchronized.
[    5.110722] systemd[1]: Created slice System Slice.
[[0;32m  OK  [0m] Created slice System Slice.
[    5.112371] systemd[1]: Created slice system-serial\x2dgetty.slice.
[[0;32m  OK  [0m] Created slice system-serial\x2dgetty.slice.
[    5.114666] systemd[1]: Listening on LVM2 metadata daemon socket.
[[0;32m  OK  [0m] Listening on LVM2 metadata daemon socket.
[[0;32m  OK  [0m] Listening on Journal Audit Socket.
[[0;32m  OK  [0m] Listening on Device-mapper event daemon FIFOs.
[[0;32m  OK  [0m] Listening on Network Service Netlink Socket.
[[0;32m  OK  [0m] Started Forward Password Requests to Wall Directory Watch.
[[0;32m  OK  [0m] Created slice User and Session Slice.
[[0;32m  OK  [0m] Listening on LVM2 poll daemon socket.
[[0;32m  OK  [0m] Listening on udev Control Socket.
[[0;32m  OK  [0m] Listening on udev Kernel Socket.
[[0;32m  OK  [0m] Reached target User and Group Name Lookups.
[[0;32m  OK  [0m] Listening on Journal Socket.
         Starting Load Kernel Modules...
         Mounting Huge Pages File System...
[    5.695394] Loading iSCSI transport class v2.0-870.
[    5.701440] iscsi: registered transport (tcp)
         Starting Uncomplicated firewall...
         Starting Create list of required stâ€¦ce nodes for the current kernel...
         Starting udev Coldplug all Devices...
         Starting Monitoring of LVM2 mirrorsâ€¦ng dmeventd or progress polling...
[    5.718099] iscsi: registered transport (iser)
         Starting Set the console keyboard layout...
[[0;32m  OK  [0m] Set up automount Arbitrary Executabâ€¦rmats File System Automount Point.
[[0;32m  OK  [0m] Listening on fsck to fsckd communication Socket.
[[0;32m  OK  [0m] Reached target Slices.
[[0;32m  OK  [0m] Listening on Syslog Socket.
         Starting File System Check on Root Device...
[[0;32m  OK  [0m] Listening on /dev/initctl Compatibility Named Pipe.
         Mounting Kernel Debug File System...
[[0;32m  OK  [0m] Listening on Journal Socket (/dev/log).
         Starting Journal Service...
[[0;32m  OK  [0m] Reached target Swap.
[[0;32m  OK  [0m] Reached target Mounting snaps.
[[0;32m  OK  [0m] Reached target Mounted snaps.
         Mounting POSIX Message Queue File System...
[[0;32m  OK  [0m] Started Load Kernel Modules.
[[0;32m  OK  [0m] Mounted Huge Pages File System.
[[0;32m  OK  [0m] Started Uncomplicated firewall.
[[0;32m  OK  [0m] Started Create list of required staâ€¦vice nodes for the current kernel.
[[0;32m  OK  [0m] Mounted Kernel Debug File System.
[[0;32m  OK  [0m] Mounted POSIX Message Queue File System.
[[0;32m  OK  [0m] Started File System Check Daemon to report status.
[[0;32m  OK  [0m] Started LVM2 metadata daemon.
         Starting Create Static Device Nodes in /dev...
         Mounting Kernel Configuration File System...
         Starting Apply Kernel Variables...
         Mounting FUSE Control File System...
[[0;32m  OK  [0m] Mounted Kernel Configuration File System.
[[0;32m  OK  [0m] Mounted FUSE Control File System.
[[0;32m  OK  [0m] Started udev Coldplug all Devices.
[[0;32m  OK  [0m] Started Journal Service.
[[0;32m  OK  [0m] Started Create Static Device Nodes in /dev.
[[0;32m  OK  [0m] Started File System Check on Root Device.
         Starting Remount Root and Kernel File Systems...
[[0;32m  OK  [0m] Started Monitoring of LVM2 mirrors,â€¦sing dmeventd or progress polling.
[[0;32m  OK  [0m] Started Apply Kernel Variables.
[[0;32m  OK  [0m] Started Remount Root and Kernel File Systems.
         Starting udev Kernel Device Manager...
         Starting Load/Save Random Seed...
         Starting Flush Journal to Persistent Storage...
[[0;32m  OK  [0m] Started Load/Save Random Seed.
[[0;32m  OK  [0m] Started udev Kernel Device Manager.
[[0;32m  OK  [0m] Started Flush Journal to Persistent Storage.
[[0;32m  OK  [0m] Found device /dev/ttyS0.
[[0;32m  OK  [0m] Listening on Load/Save RF Kill Switch Status /dev/rfkill Watch.
         Mounting Arbitrary Executable File Formats File System...
[[0;32m  OK  [0m] Mounted Arbitrary Executable File Formats File System.
[[0;32m  OK  [0m] Started Set the console keyboard layout.
[[0;32m  OK  [0m] Reached target Local File Systems (Pre).
[[0;32m  OK  [0m] Reached target Local File Systems.
         Starting Set console font and keymap...
         Starting AppArmor initialization...
         Starting Create Volatile Files and Directories...
         Starting ebtables ruleset management...
         Starting Tell Plymouth To Write Out Runtime Data...
         Starting Commit a transient machine-id on disk...
[[0;32m  OK  [0m] Started Dispatch Password Requests to Console Directory Watch.
[[0;32m  OK  [0m] Reached target Local Encrypted Volumes.
[[0;32m  OK  [0m] Started Tell Plymouth To Write Out Runtime Data.
[[0;32m  OK  [0m] Started Create Volatile Files and Directories.
         Starting Update UTMP about System Boot/Shutdown...
[[0;32m  OK  [0m] Started Update UTMP about System Boot/Shutdown.
[[0;32m  OK  [0m] Started Commit a transient machine-id on disk.
[[0;32m  OK  [0m] Started ebtables ruleset management.
[[0;32m  OK  [0m] Started Set console font and keymap.
[[0;32m  OK  [0m] Started AppArmor initialization.
         Starting Initial cloud-init job (pre-networking)...
         Starting Load AppArmor profiles managed internally by snapd...
[[0;32m  OK  [0m] Started Load AppArmor profiles managed internally by snapd.
[   10.539849] cloud-init[877]: Cloud-init v. 23.1.2-0ubuntu0~18.04.1 running 'init-local' at Sun, 30 Nov 2025 16:28:49 +0000. Up 10.04 seconds.
[[0;32m  OK  [0m] Started Initial cloud-init job (pre-networking).
[[0;32m  OK  [0m] Reached target Network (Pre).
         Starting Network Service...
[[0;32m  OK  [0m] Started Network Service.
         Starting Network Name Resolution...
         Starting Wait for Network to be Configured...
[[0;32m  OK  [0m] Started Network Name Resolution.
[[0;32m  OK  [0m] Reached target Host and Network Name Lookups.
[[0;32m  OK  [0m] Reached target Network.
[[0;32m  OK  [0m] Started Wait for Network to be Configured.
         Starting Initial cloud-init job (metadata service crawler)...
[   12.967677] cloud-init[1020]: Cloud-init v. 23.1.2-0ubuntu0~18.04.1 running 'init' at Sun, 30 Nov 2025 16:28:52 +0000. Up 12.76 seconds.
[   12.973459] cloud-init[1020]: ci-info: ++++++++++++++++++++++++++++++++++++++Net device info+++++++++++++++++++++++++++++++++++++++
[   12.988160] cloud-init[1020]: ci-info: +--------+-------+----------------------------+---------------+--------+-------------------+
[   12.988890] cloud-init[1020]: ci-info: | Device |   Up  |          Address           |      Mask     | Scope  |     Hw-Address    |
[   13.000165] cloud-init[1020]: ci-info: +--------+-------+----------------------------+---------------+--------+-------------------+
[   13.012203] cloud-init[1020]: ci-info: | enp0s3 |  True |         10.0.2.15          | 255.255.255.0 | global | 02:3b:7b:b7:3b:2d |
[   13.013066] cloud-init[1020]: ci-info: | enp0s3 |  True | fe80::3b:7bff:feb7:3b2d/64 |       .       |  link  | 02:3b:7b:b7:3b:2d |
[   13.013990] cloud-init[1020]: ci-info: | enp0s8 | False |             .              |       .       |   .    | 08:00:27:6b:43:2d |
[   13.015034] cloud-init[1020]: ci-info: |   lo   |  True |         127.0.0.1          |   255.0.0.0   |  host  |         .         |
[   13.017162] cloud-init[1020]: ci-info: |   lo   |  True |          ::1/128           |       .       |  host  |         .         |
[   13.018140] cloud-init[1020]: ci-info: +--------+-------+----------------------------+---------------+--------+-------------------+
[   13.020621] cloud-init[1020]: ci-info: ++++++++++++++++++++++++++++Route IPv4 info+++++++++++++++++++++++++++++
[   13.032182] cloud-init[1020]: ci-info: +-------+-------------+----------+-----------------+-----------+-------+
[   13.032941] cloud-init[1020]: ci-info: | Route | Destination | Gateway  |     Genmask     | Interface | Flags |
[   13.033751] cloud-init[1020]: ci-info: +-------+-------------+----------+-----------------+-----------+-------+
[   13.034523] cloud-init[1020]: ci-info: |   0   |   0.0.0.0   | 10.0.2.2 |     0.0.0.0     |   enp0s3  |   UG  |
[   13.044350] cloud-init[1020]: ci-info: |   1   |   10.0.2.0  | 0.0.0.0  |  255.255.255.0  |   enp0s3  |   U   |
[   13.056147] cloud-init[1020]: ci-info: |   2   |   10.0.2.2  | 0.0.0.0  | 255.255.255.255 |   enp0s3  |   UH  |
[   13.101299] cloud-init[1020]: ci-info: +-------+-------------+----------+-----------------+-----------+-------+
[   13.155104] cloud-init[1020]: ci-info: +++++++++++++++++++Route IPv6 info+++++++++++++++++++
[   13.156687] cloud-init[1020]: ci-info: +-------+-------------+---------+-----------+-------+
[   13.174577] cloud-init[1020]: ci-info: | Route | Destination | Gateway | Interface | Flags |
[   13.175311] cloud-init[1020]: ci-info: +-------+-------------+---------+-----------+-------+
[   13.176542] cloud-init[1020]: ci-info: |   1   |  fe80::/64  |    ::   |   enp0s3  |   U   |
[   13.177511] cloud-init[1020]: ci-info: |   3   |    local    |    ::   |   enp0s3  |   U   |
[   13.178193] cloud-init[1020]: ci-info: |   4   |   ff00::/8  |    ::   |   enp0s3  |   U   |
[   13.188155] cloud-init[1020]: ci-info: +-------+-------------+---------+-----------+-------+
[   13.974070] cloud-init[1020]: Generating public/private rsa key pair.
[   13.974587] cloud-init[1020]: Your identification has been saved in /etc/ssh/ssh_host_rsa_key.
[   13.975329] cloud-init[1020]: Your public key has been saved in /etc/ssh/ssh_host_rsa_key.pub.
[   13.975974] cloud-init[1020]: The key fingerprint is:
[   13.992191] cloud-init[1020]: SHA256:bVxIJRTbSSU5s/c2oLzOfpnsKNdmD42LoqkB/dyxWaI root@ubuntu-bionic
[   14.004175] cloud-init[1020]: The key's randomart image is:
[   14.016158] cloud-init[1020]: +---[RSA 2048]----+
[   14.028282] cloud-init[1020]: |         .=o+o.  |
[[0;32m  OK  [0m[   14.028802] ] cloud-initStarted Initial cloud-init job (metadata service crawler).[1020]: 
|         . *+o   |
[   14.031138] cloud-init[1020]: |          o ++   |
[[0;32m  OK  [0m] Reached target System Initialization.
[   14.031208] cloud-init[1020]: |    .    o ....  |
         Starting Socket activation for snappy daemon.
[   14.033253] cloud-init[1020]: |   . .  So=..... |
[   14.034232] cloud-init[1020]: |    . o o.*o  o.o|
[[0;32m  OK  [0m[   14.034725] cloud-init[1020]: |     . E +  +ooo.|
] Started Daily apt download activities.
[   14.034937] cloud-init[1020]: |      . .o.ooOo  |
[   14.035939] cloud-init[1020]: |     ..o. **=o.. |
[[0;32m  OK  [0m] Started Daily apt upgrade and clean activities.
[[   14.036412] [0;32m  OK  [0mcloud-init] [1020]: Started Daily Cleanup of Temporary Directories.+----[SHA256]-----+

[[0;32m  OK  [0m[   14.048811] ] cloud-initStarted Message of the Day.[1020]: 
Generating public/private dsa key pair.
[[   14.049652] cloud-init[1020]: Your identification has been saved in /etc/ssh/ssh_host_dsa_key.
[   14.049716] cloud-init[1020]: Your public key has been saved in /etc/ssh/ssh_host_dsa_key.pub.
[0;32m  OK  [0m] Listening on cloud-init hotplug hook socket.
[   14.049924] cloud-init[1020]: The key fingerprint is:
[[0;32m  OK  [0m] Listening on ACPID Listen Socket.
[   14.051657] cloud-init[1020]: SHA256:tiNiFSCk5M6EBmXTqu5J58kwUxMa4hlrCH/+IN+DwIU root@ubuntu-bionic
[   14.052668] cloud-init[1020]: The key's randomart image is:
[   14.053125] cloud-init[1020]: +---[DSA 1024]----+
[   14.064125] cloud-init[1020]: |.+*..            |
[   14.064755] cloud-init[1020]: |=o o..           |
[   14.076154] cloud-init[1020]: |=* +  .          |
[   14.088091] cloud-init[1020]: |X.E o  .         |
[   14.088675] cloud-init[1020]: |.@.+. . S        |
[   14.089232] cloud-init[1020]: |o +o.. . .       |
[   14.089771] cloud-init[1020]: |.=.o=.. o        |
[   14.090144] cloud-init[1020]: |..O+o=.. .       |
[   14.090807] cloud-init[1020]: |.o +. o.         |
[   14.092155] cloud-init[1020]: +----[SHA256]-----+
[   14.092832] cloud-init[1020]: Generating public/private ecdsa key pair.
[   14.093617] cloud-init[1020]: Your identification has been saved in /etc/ssh/ssh_host_ecdsa_key.
[   14.108195] cloud-init[1020]: Your public key has been saved in /etc/ssh/ssh_host_ecdsa_key.pub.
[   14.109079] cloud-init[1020]: The key fingerprint is:
[   14.120209] cloud-init[1020]: SHA256:TrZXwXfEapkvPF+CU9xhDdKKGbvtv+2wpFbrkDDFxDA root@ubuntu-bionic
[   14.120931] cloud-init[1020]: The key's randomart image is:
[   14.121486] cloud-init[1020]: +---[ECDSA 256]---+
[   14.132170] cloud-init[1020]: |          Eoo..oo|
[   14.132598] cloud-init[1020]: |          .=...+o|
[   14.132949] cloud-init[1020]: |           ==oo=o|
[   14.133374] cloud-init[1020]: |          +..oB..|
[   14.133823] cloud-init[1020]: |        S oo.= . |
[   14.134329] cloud-init[1020]: |       + ..++.* o|
[   14.134781] cloud-init[1020]: |        o ..ooo*.|
[   14.135243] cloud-init[1020]: |         .  o+.+.|
[   14.135704] cloud-init[1020]: |           ..o=oo|
[   14.136121] cloud-init[1020]: +----[SHA256]-----+
[   14.136570] cloud-init[1020]: Generating public/private ed25519 key pair.
[   14.137183] cloud-init[1020]: Your identification has been saved in /etc/ssh/ssh_host_ed25519_key.
[   14.139067] cloud-init[1020]: Your public key has been saved in /etc/ssh/ssh_host_ed25519_key.pub.
[   14.140691] cloud-init[1020]: The key fingerprint is:
[   14.141117] cloud-init[1020]: SHA256:GVbCy5jD/62dXEgi40g0bZTVAplcHSeBEI/QZJ6C8Bs root@ubuntu-bionic
[   14.141869] cloud-init[1020]: The key's randomart image is:
[   14.189859] cloud-init[1020]: +--[ED25519 256]--+
         Starting LXD - unix socket.
[   14.200391] [cloud-init[1020]: |  .   .=OX+++o.  |
[0;32m  OK  [0m] Listening on UUID daemon activation socket.
[   14.212457] cloud-init[1020]: |   o . *B*o oo   |
[[   14.214413] cloud-init[1020]: |    E.++O...     |
[   14.214465] cloud-init[1020]: |     +==oo       |
[0;32m  OK  [0m] Listening on D-Bus System Message Bus Socket.
[[0;32m  OK  [0m[   14.214556] cloud-init[1020]: |    . .oS . .    |
[   14.216264] cloud-init[1020]: |     . o.o o .   |
[   14.216537] cloud-init[1020]: |      . .. .. .  |
[   14.216598] cloud-init[1020]: |          .o.o   |
] Started Ubuntu Advantage Timer for running repeated jobs.
[   14.216956] cloud-init[1020]: |          ..+    |
[[0;32m  OK  [0m[   14.228160] ] cloud-initListening on Open-iSCSI iscsid Socket.
[1020]: +----[SHA256]-----+
[[0;32m  OK  [0m] Started Discard unused blocks once a week.
[[0;32m  OK  [0m] Reached target Timers.
[[0;32m  OK  [0m] Started ACPI Events Check.
[[0;32m  OK  [0m] Reached target Paths.
[[0;32m  OK  [0m] Reached target Cloud-config availability.
[[0;32m  OK  [0m] Reached target Network is Online.
[[0;32m  OK  [0m] Reached target Remote File Systems (Pre).
[[0;32m  OK  [0m] Reached target Remote File Systems.
         Starting Availability of block devices...
[[0;32m  OK  [0m] Listening on Socket activation for snappy daemon.
[[0;32m  OK  [0m] Listening on LXD - unix socket.
[[0;32m  OK  [0m] Started Availability of block devices.
[[0;32m  OK  [0m] Reached target Sockets.
[[0;32m  OK  [0m] Reached target Basic System.
         Starting Dispatcher daemon for systemd-networkd...
         Starting LSB: automatic crash report generation...
[[0;32m  OK  [0m] Started FUSE filesystem for LXC.
[[0;32m  OK  [0m] Started Regular background program processing daemon.
         Starting Login Service...
         Starting Snap Daemon...
         Starting Permit User Sessions...
         Starting LXD - container startup/shutdown...
         Starting Virtualbox guest utils...
[[0;32m  OK  [0m] Reached target Login Prompts (Pre).
         Starting Pollinate to seed the pseudo random number generator...
         Starting System Logging Service...
[[0;32m  OK  [0m] Started Deferred execution scheduler.
[[0;32m  OK  [0m] Started D-Bus System Message Bus.
[[0;32m  OK  [0m] Started Login Service.
[[0;32m  OK  [0m] Started Unattended Upgrades Shutdown.
         Starting Accounts Service...
         Starting LSB: Record successful boot for GRUB...
[[0;32m  OK  [0m] Started irqbalance daemon.
[[0;32m  OK  [0m] Started System Logging Service.
[[0;32m  OK  [0m] Started Permit User Sessions.
         Starting Hold until boot process finishes up...
         Starting Terminate Plymouth Boot Screen...
[[0;32m  OK  [0m] Started Hold until boot process finishes up.
[[0;32m  OK  [0m] Started Serial Getty on ttyS0.
         Starting Set console scheme...
[[0;32m  OK  [0m] Started LSB: automatic crash report generation.
[[0;32m  OK  [0m] Started Terminate Plymouth Boot Screen.
[[0;32m  OK  [0m] Started Set console scheme.
[[0;32m  OK  [0m] Created slice system-getty.slice.
[[0;32m  OK  [0m] Started Getty on tty1.
[[0;32m  OK  [0m] Reached target Login Prompts.
         Starting Authorization Manager...
[[0;32m  OK  [0m] Started Authorization Manager.
[[0;32m  OK  [0m] Started Accounts Service.
[[0;32m  OK  [0m] Started LSB: Record successful boot for GRUB.
[[0;32m  OK  [0m] Started LXD - container startup/shutdown.
[[0;32m  OK  [0m] Started Virtualbox guest utils.
[[0;32m  OK  [0m] Started Dispatcher daemon for systemd-networkd.
[[0;32m  OK  [0m] Started Snap Daemon.
         Starting Wait until snapd is fully seeded...
[[0;32m  OK  [0m] Started Pollinate to seed the pseudo random number generator.
         Starting OpenBSD Secure Shell server...
[[0;32m  OK  [0m] Started OpenBSD Secure Shell server.
[[0;32m  OK  [0m] Created slice User Slice of vagrant.
         Starting Time & Date Service...
         Starting User Manager for UID 1000...
[[0;32m  OK  [0m] Started Session 1 of user vagrant.
[[0;32m  OK  [0m] Started Time & Date Service.
[[0;32m  OK  [0m] Started User Manager for UID 1000.
[[0;32m  OK  [0m] Started Wait until snapd is fully seeded.
         Starting Apply the settings specified in cloud-config...
[   19.261255] cloud-init[1723]: Cloud-init v. 23.1.2-0ubuntu0~18.04.1 running 'modules:config' at Sun, 30 Nov 2025 16:28:58 +0000. Up 18.83 seconds.
[[0;32m  OK  [0m] Started Apply the settings specified in cloud-config.
[[0;32m  OK  [0m] Reached target Multi-User System.
[[0;32m  OK  [0m] Reached target Graphical Interface.
         Starting Update UTMP about System Runlevel Changes...
         Starting Execute cloud user/final scripts...
[[0;32m  OK  [0m] Started Update UTMP about System Runlevel Changes.
ci-info: no authorized SSH keys fingerprints found for user ubuntu.
<14>Nov 30 16:29:00 cloud-init: #############################################################
<14>Nov 30 16:29:00 cloud-init: -----BEGIN SSH HOST KEY FINGERPRINTS-----
<14>Nov 30 16:29:00 cloud-init: 1024 SHA256:tiNiFSCk5M6EBmXTqu5J58kwUxMa4hlrCH/+IN+DwIU root@ubuntu-bionic (DSA)
<14>Nov 30 16:29:00 cloud-init: 256 SHA256:TrZXwXfEapkvPF+CU9xhDdKKGbvtv+2wpFbrkDDFxDA root@ubuntu-bionic (ECDSA)
<14>Nov 30 16:29:00 cloud-init: 256 SHA256:GVbCy5jD/62dXEgi40g0bZTVAplcHSeBEI/QZJ6C8Bs root@ubuntu-bionic (ED25519)
<14>Nov 30 16:29:00 cloud-init: 2048 SHA256:bVxIJRTbSSU5s/c2oLzOfpnsKNdmD42LoqkB/dyxWaI root@ubuntu-bionic (RSA)
<14>Nov 30 16:29:00 cloud-init: -----END SSH HOST KEY FINGERPRINTS-----
<14>Nov 30 16:29:00 cloud-init: #############################################################
-----BEGIN SSH HOST KEY KEYS-----
ecdsa-sha2-nistp256 AAAAE2VjZHNhLXNoYTItbmlzdHAyNTYAAAAIbmlzdHAyNTYAAABBBIecIRAG7dtI2tm3lvrYSkzR8scZNF4qefKO2xvFJdNr/T3kb1iWy8cIlvzgfG4CkmcV2r0fZA9hBpFRq+t58DU= root@ubuntu-bionic
ssh-ed25519 AAAAC3NzaC1lZDI1NTE5AAAAIHDsK4OhD422YuhrTJbfc1S4x+HU2TFARZD4Z7if21Mp root@ubuntu-bionic
ssh-rsa AAAAB3NzaC1yc2EAAAADAQABAAABAQDaGkSTrK5oI9o3ep0CDBGzFK+9swP1qYg6i0cZB9P+GswlYzRUyRkYRJdSabxlUqvllio0GvIPT0lRFd65/zf9f38HON3z8xLidn4y0bEiXhU3awkn67TVNJKaoCTCzYOKuAZbQRE5WdVZItL+CVCXfdTRUbmeY1lxkS6uLuKlFYj3JsCLrOHM6EeqOwAmiWDZXiit/QpC3QVq+O3PLV73Gry74msdP0lgofoEWarC+kbS9Rl58+TUiP92bYo8FzfoaUhjfW8Ih+t18VYLcF808CthpG0BQw2rCNaV3InxbnbX6pOdcf2JVKzLkopZ3e2K8kt2IBkF8iA8gBt+dWaj root@ubuntu-bionic
-----END SSH HOST KEY KEYS-----
[   20.186066] cloud-init[1840]: Cloud-init v. 23.1.2-0ubuntu0~18.04.1 running 'modules:final' at Sun, 30 Nov 2025 16:28:59 +0000. Up 19.83 seconds.
[   20.186147] cloud-init[1840]: Cloud-init v. 23.1.2-0ubuntu0~18.04.1 finished at Sun, 30 Nov 2025 16:29:00 +0000. Datasource DataSourceNoCloud [seed=/dev/sdb][dsmode=net].  Up 20.17 seconds

Ubuntu 18.04.6 LTS ubuntu-bionic ttyS0

ubuntu-bionic login: 